\BOOKMARK [1][-]{section*.1}{\376\377\000I\000n\000t\000r\000o\000d\000u\000c\000t\000i\000o\000n}{}% 1
\BOOKMARK [1][-]{section*.2}{\376\377\000B\000a\000c\000k\000g\000r\000o\000u\000n\000d}{}% 2
\BOOKMARK [2][-]{subsection*.3}{\376\377\000D\000a\000t\000a\000\040\000r\000e\000p\000r\000e\000s\000e\000n\000t\000a\000t\000i\000o\000n}{section*.2}% 3
\BOOKMARK [2][-]{subsection*.10}{\376\377\000R\000e\000l\000a\000t\000e\000d\000\040\000w\000o\000r\000k}{section*.2}% 4
\BOOKMARK [3][-]{subsubsection*.11}{\376\377\000G\000e\000o\000m\000e\000t\000r\000i\000c\000\040\000m\000o\000d\000e\000l\000s\000\040\000o\000f\000\040\000t\000h\000e\000\040\000a\000i\000r\000w\000a\000y\000\040\000t\000r\000e\000e}{subsection*.10}% 5
\BOOKMARK [3][-]{subsubsection*.16}{\376\377\000R\000e\000p\000r\000e\000s\000e\000n\000t\000a\000t\000i\000o\000n\000\040\000l\000e\000a\000r\000n\000i\000n\000g\000\040\000a\000n\000d\000\040\000g\000e\000n\000e\000r\000a\000t\000i\000v\000e\000\040\000m\000o\000d\000e\000l\000s\000\040\000o\000f\000\040\000v\000a\000s\000c\000u\000l\000a\000r\000\040\000t\000r\000e\000e\000s}{subsection*.10}% 6
\BOOKMARK [3][-]{subsubsection*.17}{\376\377\000B\000r\000a\000n\000c\000h\000\040\000m\000a\000t\000c\000h\000i\000n\000g\000\040\000a\000n\000d\000\040\000a\000n\000a\000t\000o\000m\000i\000c\000a\000l\000\040\000l\000a\000b\000e\000l\000i\000n\000g\000\040\000o\000f\000\040\000a\000i\000r\000w\000a\000y\000\040\000t\000r\000e\000e\000s}{subsection*.10}% 7
\BOOKMARK [3][-]{subsubsection*.18}{\376\377\000M\000o\000r\000p\000h\000o\000l\000o\000g\000i\000c\000a\000l\000\040\000a\000n\000d\000\040\000t\000o\000p\000o\000l\000o\000g\000i\000c\000a\000l\000\040\000a\000n\000a\000l\000y\000s\000i\000s\000\040\000o\000f\000\040\000a\000i\000r\000w\000a\000y\000\040\000t\000r\000e\000e\000s}{subsection*.10}% 8
\BOOKMARK [1][-]{section*.23}{\376\377\000D\000a\000t\000a\000s\000e\000t\000s}{}% 9
\BOOKMARK [2][-]{subsection*.24}{\376\377\000T\000h\000e\000\040\000A\000T\000M\000'\0002\0002\000\040\000d\000a\000t\000a\000s\000e\000t}{section*.23}% 10
\BOOKMARK [2][-]{subsection*.25}{\376\377\000T\000h\000e\000\040\000A\000I\000I\000B\0002\0003\000\040\000d\000a\000t\000a\000s\000e\000t}{section*.23}% 11
\BOOKMARK [1][-]{section*.30}{\376\377\000R\000e\000g\000i\000s\000t\000r\000a\000t\000i\000o\000n}{}% 12
\BOOKMARK [2][-]{subsection*.31}{\376\377\000T\000e\000m\000p\000l\000a\000t\000e\000\040\000c\000o\000n\000s\000t\000r\000u\000c\000t\000i\000o\000n}{section*.30}% 13
\BOOKMARK [3][-]{subsubsection*.33}{\376\377\000I\000n\000p\000u\000t\000\040\000d\000a\000t\000a\000\040\000a\000n\000d\000\040\000i\000m\000a\000g\000e\000\040\000g\000e\000o\000m\000e\000t\000r\000y}{subsection*.31}% 14
\BOOKMARK [3][-]{subsubsection*.37}{\376\377\000P\000a\000i\000r\000w\000i\000s\000e\000\040\000r\000e\000g\000i\000s\000t\000r\000a\000t\000i\000o\000n\000\040\000w\000i\000t\000h\000\040\000S\000y\000N}{subsection*.31}% 15
\BOOKMARK [3][-]{subsubsection*.47}{\376\377\000G\000r\000o\000u\000p\000w\000i\000s\000e\000\040\000t\000e\000m\000p\000l\000a\000t\000e\000\040\000c\000o\000n\000s\000t\000r\000u\000c\000t\000i\000o\000n\000\040\000w\000i\000t\000h\000\040\000S\000y\000G\000N}{subsection*.31}% 16
\BOOKMARK [2][-]{subsection*.58}{\376\377\000A\000f\000f\000i\000n\000e\000\040\000r\000e\000g\000i\000s\000t\000r\000a\000t\000i\000o\000n}{section*.30}% 17
\BOOKMARK [1][-]{section*.62}{\376\377\000E\000n\000c\000o\000d\000i\000n\000g}{}% 18
\BOOKMARK [2][-]{subsection*.63}{\376\377\000V\000a\000r\000i\000a\000t\000i\000o\000n\000a\000l\000\040\000a\000u\000t\000o\000e\000n\000c\000o\000d\000e\000r}{section*.62}% 19
\BOOKMARK [3][-]{subsubsection*.64}{\376\377\000M\000o\000t\000i\000v\000a\000t\000i\000o\000n}{subsection*.63}% 20
\BOOKMARK [3][-]{subsubsection*.65}{\376\377\000M\000o\000d\000e\000l\000\040\000a\000r\000c\000h\000i\000t\000e\000c\000t\000u\000r\000e}{subsection*.63}% 21
\BOOKMARK [3][-]{subsubsection*.71}{\376\377\000L\000o\000s\000s\000\040\000f\000u\000n\000c\000t\000i\000o\000n}{subsection*.63}% 22
\BOOKMARK [3][-]{subsubsection*.75}{\376\377\000T\000r\000a\000i\000n\000i\000n\000g}{subsection*.63}% 23
\BOOKMARK [3][-]{subsubsection*.76}{\376\377\000R\000e\000s\000u\000l\000t\000s}{subsection*.63}% 24
\BOOKMARK [3][-]{subsubsection*.77}{\376\377\000M\000i\000t\000i\000g\000a\000t\000i\000n\000g\000\040\000o\000v\000e\000r\000f\000i\000t\000t\000i\000n\000g}{subsection*.63}% 25
\BOOKMARK [2][-]{subsection*.80}{\376\377\000D\000e\000t\000e\000r\000m\000i\000n\000i\000s\000t\000i\000c\000\040\000a\000n\000d\000\040\000s\000p\000a\000r\000s\000e\000\040\000a\000u\000t\000o\000e\000n\000c\000o\000d\000e\000r\000s}{section*.62}% 26
\BOOKMARK [3][-]{subsubsection*.81}{\376\377\000D\000e\000t\000e\000r\000m\000i\000n\000i\000s\000t\000i\000c\000\040\000a\000u\000t\000o\000e\000n\000c\000o\000d\000e\000r}{subsection*.80}% 27
\BOOKMARK [3][-]{subsubsection*.82}{\376\377\000S\000p\000a\000r\000s\000e\000\040\000e\000n\000c\000o\000d\000e\000r}{subsection*.80}% 28
\BOOKMARK [3][-]{subsubsection*.86}{\376\377\000R\000e\000s\000u\000l\000t\000s}{subsection*.80}% 29
\BOOKMARK [2][-]{subsection*.87}{\376\377\000I\000m\000p\000l\000i\000c\000i\000t\000\040\000e\000n\000c\000o\000d\000i\000n\000g}{section*.62}% 30
\BOOKMARK [3][-]{subsubsection*.88}{\376\377\000M\000o\000t\000i\000v\000a\000t\000i\000o\000n}{subsection*.87}% 31
\BOOKMARK [3][-]{subsubsection*.89}{\376\377\000M\000o\000d\000e\000l\000\040\000a\000r\000c\000h\000i\000t\000e\000c\000t\000u\000r\000e}{subsection*.87}% 32
\BOOKMARK [3][-]{subsubsection*.95}{\376\377\000L\000o\000s\000s\000\040\000f\000u\000n\000c\000t\000i\000o\000n}{subsection*.87}% 33
\BOOKMARK [3][-]{subsubsection*.96}{\376\377\000D\000a\000t\000a\000\040\000p\000r\000e\000p\000a\000r\000a\000t\000i\000o\000n\000\040\000a\000n\000d\000\040\000t\000r\000a\000i\000n\000i\000n\000g}{subsection*.87}% 34
\BOOKMARK [3][-]{subsubsection*.97}{\376\377\000E\000v\000a\000l\000u\000a\000t\000i\000o\000n\000\040\000m\000e\000t\000r\000i\000c\000s}{subsection*.87}% 35
\BOOKMARK [3][-]{subsubsection*.100}{\376\377\000R\000e\000s\000u\000l\000t\000s}{subsection*.87}% 36
\BOOKMARK [1][-]{section*.101}{\376\377\000L\000a\000b\000e\000l\000l\000i\000n\000g}{}% 37
\BOOKMARK [2][-]{subsection*.102}{\376\377\000T\000a\000s\000k\000\040\000f\000o\000r\000m\000u\000l\000a\000t\000i\000o\000n}{section*.101}% 38
\BOOKMARK [2][-]{subsection*.103}{\376\377\000T\000r\000a\000i\000n\000i\000n\000g\000\040\000d\000a\000t\000a}{section*.101}% 39
\BOOKMARK [2][-]{subsection*.107}{\376\377\000M\000o\000d\000e\000l\000\040\000a\000r\000c\000h\000i\000t\000e\000c\000t\000u\000r\000e}{section*.101}% 40
\BOOKMARK [2][-]{subsection*.114}{\376\377\000T\000r\000a\000i\000n\000i\000n\000g}{section*.101}% 41
\BOOKMARK [2][-]{subsection*.117}{\376\377\000I\000n\000f\000e\000r\000e\000n\000c\000e}{section*.101}% 42
\BOOKMARK [2][-]{subsection*.118}{\376\377\000R\000e\000p\000o\000r\000t\000e\000d\000\040\000p\000e\000r\000f\000o\000r\000m\000a\000n\000c\000e}{section*.101}% 43
\BOOKMARK [2][-]{subsection*.119}{\376\377\000A\000p\000p\000l\000i\000c\000a\000t\000i\000o\000n\000\040\000t\000o\000\040\000o\000u\000r\000\040\000a\000i\000r\000w\000a\000y\000\040\000t\000r\000e\000e\000s}{section*.101}% 44
\BOOKMARK [1][-]{section*.120}{\376\377\000M\000o\000r\000p\000h\000o\000l\000o\000g\000i\000c\000a\000l\000\040\000M\000e\000t\000r\000i\000c\000s}{}% 45
\BOOKMARK [2][-]{subsection*.121}{\376\377\000O\000v\000e\000r\000v\000i\000e\000w}{section*.120}% 46
\BOOKMARK [2][-]{subsection*.122}{\376\377\000C\000o\000m\000m\000o\000n\000\040\000p\000r\000e\000-\000p\000r\000o\000c\000e\000s\000s\000i\000n\000g}{section*.120}% 47
\BOOKMARK [2][-]{subsection*.123}{\376\377\000B\000r\000a\000n\000c\000h\000-\000l\000e\000v\000e\000l\000\040\000d\000e\000s\000c\000r\000i\000p\000t\000o\000r\000s}{section*.120}% 48
\BOOKMARK [2][-]{subsection*.127}{\376\377\000S\000u\000b\000t\000r\000e\000e\000-\000l\000e\000v\000e\000l\000\040\000d\000e\000s\000c\000r\000i\000p\000t\000o\000r\000s}{section*.120}% 49
\BOOKMARK [2][-]{subsection*.131}{\376\377\000A\000p\000p\000l\000i\000c\000a\000t\000i\000o\000n\000\040\000t\000o\000\040\000o\000u\000r\000\040\000a\000i\000r\000w\000a\000y\000\040\000t\000r\000e\000e\000s}{section*.120}% 50
\BOOKMARK [1][-]{section*.132}{\376\377\000C\000l\000u\000s\000t\000e\000r\000i\000n\000g}{}% 51
\BOOKMARK [1][-]{section*.133}{\376\377\000C\000o\000n\000c\000l\000u\000s\000i\000o\000n\000s\000\040\000a\000n\000d\000\040\000R\000e\000c\000o\000m\000m\000e\000n\000d\000a\000t\000i\000o\000n\000s}{}% 52
\BOOKMARK [2][-]{subsection*.134}{\376\377\000C\000o\000n\000c\000l\000u\000s\000i\000o\000n\000s}{section*.133}% 53
\BOOKMARK [2][-]{subsection*.135}{\376\377\000R\000e\000c\000o\000m\000m\000e\000n\000d\000a\000t\000i\000o\000n\000s}{section*.133}% 54
\BOOKMARK [1][-]{section*.136}{\376\377\000A\000p\000p\000e\000n\000d\000i\000c\000e\000s}{}% 55
\BOOKMARK [2][-]{subsection*.137}{\376\377\000A\000p\000p\000e\000n\000d\000i\000x\000\040\000A\000:\000\040\000T\000i\000t\000l\000e\000\040\000o\000f\000\040\000t\000h\000e\000\040\000D\000o\000c\000u\000m\000e\000n\000t}{section*.136}% 56
\BOOKMARK [1][-]{section*.138}{\376\377\000L\000i\000s\000t\000\040\000o\000f\000\040\000R\000e\000f\000e\000r\000e\000n\000c\000e\000s}{}% 57
